// Jest Snapshot v1, https://goo.gl/fbAQLP

exports[`APP should match the snapshot 1`] = `
ShallowWrapper {
  "length": 1,
  Symbol(enzyme.__root__): [Circular],
  Symbol(enzyme.__unrendered__): <App
    favorites={Array []}
    movies={Array []}
    user={
        Object {
            "id": 0,
          }
    }
/>,
  Symbol(enzyme.__renderer__): Object {
    "batchedUpdates": [Function],
    "getNode": [Function],
    "render": [Function],
    "simulateEvent": [Function],
    "unmount": [Function],
  },
  Symbol(enzyme.__node__): Object {
    "instance": null,
    "key": undefined,
    "nodeType": "host",
    "props": Object {
      "children": Array [
        <header
          className="header"
>
          <NavLink
                    activeClassName="active"
                    ariaCurrent="true"
                    className="title"
                    to="/"
          >
                    <h1>
                              Movie Tracker
                    </h1>
          </NavLink>
          <NavLink
                    activeClassName="active"
                    ariaCurrent="true"
                    className="nav"
                    to="/login"
          >
                    Sign in
          </NavLink>
          <NavLink
                    activeClassName="active"
                    ariaCurrent="true"
                    className="nav"
                    to="/new-user"
          >
                    Create an Account
          </NavLink>
          <NavLink
                    activeClassName="active"
                    ariaCurrent="true"
                    className="nav"
                    onClick={undefined}
                    to="/login"
          >
                    Sign out
          </NavLink>
</header>,
        <Route
          component={[Function]}
          exact={true}
          path="/"
/>,
        <Route
          component={[Function]}
          path="/login"
/>,
        <Route
          component={[Function]}
          path="/new-user"
/>,
        <Route
          component={[Function]}
          path="/favorites"
/>,
      ],
      "className": "App",
    },
    "ref": null,
    "rendered": Array [
      Object {
        "instance": null,
        "key": undefined,
        "nodeType": "host",
        "props": Object {
          "children": Array [
            <NavLink
              activeClassName="active"
              ariaCurrent="true"
              className="title"
              to="/"
>
              <h1>
                            Movie Tracker
              </h1>
</NavLink>,
            <NavLink
              activeClassName="active"
              ariaCurrent="true"
              className="nav"
              to="/login"
>
              Sign in
</NavLink>,
            <NavLink
              activeClassName="active"
              ariaCurrent="true"
              className="nav"
              to="/new-user"
>
              Create an Account
</NavLink>,
            <NavLink
              activeClassName="active"
              ariaCurrent="true"
              className="nav"
              onClick={undefined}
              to="/login"
>
              Sign out
</NavLink>,
            null,
          ],
          "className": "header",
        },
        "ref": null,
        "rendered": Array [
          Object {
            "instance": null,
            "key": undefined,
            "nodeType": "function",
            "props": Object {
              "activeClassName": "active",
              "ariaCurrent": "true",
              "children": <h1>
                Movie Tracker
</h1>,
              "className": "title",
              "to": "/",
            },
            "ref": null,
            "rendered": Object {
              "instance": null,
              "key": undefined,
              "nodeType": "host",
              "props": Object {
                "children": "Movie Tracker",
              },
              "ref": null,
              "rendered": "Movie Tracker",
              "type": "h1",
            },
            "type": [Function],
          },
          Object {
            "instance": null,
            "key": undefined,
            "nodeType": "function",
            "props": Object {
              "activeClassName": "active",
              "ariaCurrent": "true",
              "children": "Sign in",
              "className": "nav",
              "to": "/login",
            },
            "ref": null,
            "rendered": "Sign in",
            "type": [Function],
          },
          Object {
            "instance": null,
            "key": undefined,
            "nodeType": "function",
            "props": Object {
              "activeClassName": "active",
              "ariaCurrent": "true",
              "children": "Create an Account",
              "className": "nav",
              "to": "/new-user",
            },
            "ref": null,
            "rendered": "Create an Account",
            "type": [Function],
          },
          Object {
            "instance": null,
            "key": undefined,
            "nodeType": "function",
            "props": Object {
              "activeClassName": "active",
              "ariaCurrent": "true",
              "children": "Sign out",
              "className": "nav",
              "onClick": undefined,
              "to": "/login",
            },
            "ref": null,
            "rendered": "Sign out",
            "type": [Function],
          },
          null,
        ],
        "type": "header",
      },
      Object {
        "instance": null,
        "key": undefined,
        "nodeType": "class",
        "props": Object {
          "component": [Function],
          "exact": true,
          "path": "/",
        },
        "ref": null,
        "rendered": null,
        "type": [Function],
      },
      Object {
        "instance": null,
        "key": undefined,
        "nodeType": "class",
        "props": Object {
          "component": [Function],
          "path": "/login",
        },
        "ref": null,
        "rendered": null,
        "type": [Function],
      },
      Object {
        "instance": null,
        "key": undefined,
        "nodeType": "class",
        "props": Object {
          "component": [Function],
          "path": "/new-user",
        },
        "ref": null,
        "rendered": null,
        "type": [Function],
      },
      Object {
        "instance": null,
        "key": undefined,
        "nodeType": "class",
        "props": Object {
          "component": [Function],
          "path": "/favorites",
        },
        "ref": null,
        "rendered": null,
        "type": [Function],
      },
    ],
    "type": "div",
  },
  Symbol(enzyme.__nodes__): Array [
    Object {
      "instance": null,
      "key": undefined,
      "nodeType": "host",
      "props": Object {
        "children": Array [
          <header
            className="header"
>
            <NavLink
                        activeClassName="active"
                        ariaCurrent="true"
                        className="title"
                        to="/"
            >
                        <h1>
                                    Movie Tracker
                        </h1>
            </NavLink>
            <NavLink
                        activeClassName="active"
                        ariaCurrent="true"
                        className="nav"
                        to="/login"
            >
                        Sign in
            </NavLink>
            <NavLink
                        activeClassName="active"
                        ariaCurrent="true"
                        className="nav"
                        to="/new-user"
            >
                        Create an Account
            </NavLink>
            <NavLink
                        activeClassName="active"
                        ariaCurrent="true"
                        className="nav"
                        onClick={undefined}
                        to="/login"
            >
                        Sign out
            </NavLink>
</header>,
          <Route
            component={[Function]}
            exact={true}
            path="/"
/>,
          <Route
            component={[Function]}
            path="/login"
/>,
          <Route
            component={[Function]}
            path="/new-user"
/>,
          <Route
            component={[Function]}
            path="/favorites"
/>,
        ],
        "className": "App",
      },
      "ref": null,
      "rendered": Array [
        Object {
          "instance": null,
          "key": undefined,
          "nodeType": "host",
          "props": Object {
            "children": Array [
              <NavLink
                activeClassName="active"
                ariaCurrent="true"
                className="title"
                to="/"
>
                <h1>
                                Movie Tracker
                </h1>
</NavLink>,
              <NavLink
                activeClassName="active"
                ariaCurrent="true"
                className="nav"
                to="/login"
>
                Sign in
</NavLink>,
              <NavLink
                activeClassName="active"
                ariaCurrent="true"
                className="nav"
                to="/new-user"
>
                Create an Account
</NavLink>,
              <NavLink
                activeClassName="active"
                ariaCurrent="true"
                className="nav"
                onClick={undefined}
                to="/login"
>
                Sign out
</NavLink>,
              null,
            ],
            "className": "header",
          },
          "ref": null,
          "rendered": Array [
            Object {
              "instance": null,
              "key": undefined,
              "nodeType": "function",
              "props": Object {
                "activeClassName": "active",
                "ariaCurrent": "true",
                "children": <h1>
                  Movie Tracker
</h1>,
                "className": "title",
                "to": "/",
              },
              "ref": null,
              "rendered": Object {
                "instance": null,
                "key": undefined,
                "nodeType": "host",
                "props": Object {
                  "children": "Movie Tracker",
                },
                "ref": null,
                "rendered": "Movie Tracker",
                "type": "h1",
              },
              "type": [Function],
            },
            Object {
              "instance": null,
              "key": undefined,
              "nodeType": "function",
              "props": Object {
                "activeClassName": "active",
                "ariaCurrent": "true",
                "children": "Sign in",
                "className": "nav",
                "to": "/login",
              },
              "ref": null,
              "rendered": "Sign in",
              "type": [Function],
            },
            Object {
              "instance": null,
              "key": undefined,
              "nodeType": "function",
              "props": Object {
                "activeClassName": "active",
                "ariaCurrent": "true",
                "children": "Create an Account",
                "className": "nav",
                "to": "/new-user",
              },
              "ref": null,
              "rendered": "Create an Account",
              "type": [Function],
            },
            Object {
              "instance": null,
              "key": undefined,
              "nodeType": "function",
              "props": Object {
                "activeClassName": "active",
                "ariaCurrent": "true",
                "children": "Sign out",
                "className": "nav",
                "onClick": undefined,
                "to": "/login",
              },
              "ref": null,
              "rendered": "Sign out",
              "type": [Function],
            },
            null,
          ],
          "type": "header",
        },
        Object {
          "instance": null,
          "key": undefined,
          "nodeType": "class",
          "props": Object {
            "component": [Function],
            "exact": true,
            "path": "/",
          },
          "ref": null,
          "rendered": null,
          "type": [Function],
        },
        Object {
          "instance": null,
          "key": undefined,
          "nodeType": "class",
          "props": Object {
            "component": [Function],
            "path": "/login",
          },
          "ref": null,
          "rendered": null,
          "type": [Function],
        },
        Object {
          "instance": null,
          "key": undefined,
          "nodeType": "class",
          "props": Object {
            "component": [Function],
            "path": "/new-user",
          },
          "ref": null,
          "rendered": null,
          "type": [Function],
        },
        Object {
          "instance": null,
          "key": undefined,
          "nodeType": "class",
          "props": Object {
            "component": [Function],
            "path": "/favorites",
          },
          "ref": null,
          "rendered": null,
          "type": [Function],
        },
      ],
      "type": "div",
    },
  ],
  Symbol(enzyme.__options__): Object {
    "adapter": ReactSixteenAdapter {
      "options": Object {
        "enableComponentDidUpdateOnSetState": true,
      },
    },
    "disableLifecycleMethods": true,
  },
}
`;
